// Jest Snapshot v1, https://goo.gl/fbAQLP

exports[`Clients component should render list of clients 1`] = `
<div
  className="clientContainer"
>
  <div
    className="resultList"
  />
</div>
`;
